// Vitest Snapshot v1

exports[`ItemList.vue > renders slot 1`] = `"<section class=\\"_list_e30301\\">new message</section>"`;
